
Error: Nothing matches "Necrozma-Mega"
    at DexFormats.validateBanRule (/home/ryan/sunday-showdown/sim/dex-formats.ts:932:10)
    at DexFormats.validateRule (/home/ryan/sunday-showdown/sim/dex-formats.ts:854:33)
    at DexFormats.getRuleTable (/home/ryan/sunday-showdown/sim/dex-formats.ts:665:26)
    at GlobalRoomState.formatListText (/home/ryan/sunday-showdown/server/rooms.ts:1339:34)
    at GlobalRoomState.handleConnect (/home/ryan/sunday-showdown/server/rooms.ts:1577:80)
    at Object.socketConnect (/home/ryan/sunday-showdown/server/users.ts:1620:15)
    at Object.onSpawn (/home/ryan/sunday-showdown/server/sockets.ts:34:11)
    at processTicksAndRejections (node:internal/process/task_queues:96:5)

Error: write EPIPE
    at afterWriteDispatched (node:internal/stream_base_commons:164:15)
    at writeGeneric (node:internal/stream_base_commons:155:3)
    at Socket._writeGeneric (node:net:780:11)
    at Socket._write (node:net:792:8)
    at writeOrBuffer (node:internal/streams/writable:389:12)
    at _write (node:internal/streams/writable:330:10)
    at Socket.Writable.write (node:internal/streams/writable:334:10)
    at REPLServer._writeToOutput (node:readline:495:17)
    at REPLServer.Interface.prompt (node:readline:416:10)
    at REPLServer.displayPrompt (node:repl:1154:8)

Error: Basculegion has no formats-data entry
    at DexSpecies.getByID (/home/ryan/sunday-showdown/sim/dex-species.ts:455:13)
    at DexSpecies.all (/home/ryan/sunday-showdown/sim/dex-species.ts:509:22)
    at ModdedDex.call (/home/ryan/sunday-showdown/data/mods/fusionevolutionuu/scripts.ts:5:42)
    at ModdedDex.loadData (/home/ryan/sunday-showdown/sim/dex.ts:554:34)
    at ModdedDex.data (/home/ryan/sunday-showdown/sim/dex.ts:156:15)
    at DexFormats.get (/home/ryan/sunday-showdown/sim/dex-formats.ts:585:16)
    at DexFormats.validateRule (/home/ryan/sunday-showdown/sim/dex-formats.ts:858:37)
    at DexFormats.getRuleTable (/home/ryan/sunday-showdown/sim/dex-formats.ts:665:26)
    at DexFormats.getRuleTable (/home/ryan/sunday-showdown/sim/dex-formats.ts:629:24)
    at GlobalRoomState.get formatListText [as formatListText] (/home/ryan/sunday-showdown/server/rooms.ts:1339:34)
